Player 1 was added
They are player number 1
Player 2 was added
They are player number 2
Player 1 is the current player
They have rolled a 11
Player 1's new location is 11
The category is Rock
Rock Question 0
Answer was corrent!!!!
Player 1 now has 1 Gold Coins.
Player 2 is the current player
They have rolled a 1
Player 2's new location is 1
The category is Science
Science Question 0
Question was incorrectly answered
Player 2 was sent to the penalty box
Player 1 is the current player
They have rolled a 1
Player 1's new location is 0
The category is Pop
Pop Question 0
Answer was corrent!!!!
Player 1 now has 2 Gold Coins.
Player 2 is the current player
They have rolled a 11
Player 2 is getting out of the penalty box
Player 2's new location is 0
The category is Pop
Pop Question 1
Answer was correct!!!!
Player 2 now has 1 Gold Coins.
